{
  "packages/core/src/render3/jit/directive.ts": 1,
  "tools/ts-api-guardian/test/unit_test.ts": 1
}
